#
# There is insufficient memory for the Java Runtime Environment to continue.
# Native memory allocation (malloc) failed to allocate 175856 bytes. Error detail: Chunk::new
# Possible reasons:
#   The system is out of physical RAM or swap space
#   This process is running with CompressedOops enabled, and the Java Heap may be blocking the growth of the native heap
# Possible solutions:
#   Reduce memory load on the system
#   Increase physical memory or swap space
#   Check if swap backing store is full
#   Decrease Java heap size (-Xmx/-Xms)
#   Decrease number of Java threads
#   Decrease Java thread stack sizes (-Xss)
#   Set larger code cache with -XX:ReservedCodeCacheSize=
#   JVM is running with Unscaled Compressed Oops mode in which the Java heap is
#     placed in the first 4GB address space. The Java Heap base address is the
#     maximum limit for the native heap growth. Please use -XX:HeapBaseMinAddress
#     to set the Java Heap base and to place the Java Heap above 4GB virtual address.
# This output file may be truncated or incomplete.
#
#  Out of Memory Error (arena.cpp:168), pid=6384, tid=25668
#
# JRE version: OpenJDK Runtime Environment Temurin-21.0.11+10 (21.0.11+10) (build 21.0.11+10-LTS)
# Java VM: OpenJDK 64-Bit Server VM Temurin-21.0.11+10 (21.0.11+10-LTS, mixed mode, sharing, tiered, compressed oops, compressed class ptrs, parallel gc, windows-amd64)
# No core dump will be written. Minidumps are not enabled by default on client versions of Windows
#

---------------  S U M M A R Y ------------

Command Line: --add-modules=ALL-SYSTEM --add-opens=java.base/java.util=ALL-UNNAMED --add-opens=java.base/java.lang=ALL-UNNAMED --add-opens=java.base/sun.nio.fs=ALL-UNNAMED -Declipse.application=org.eclipse.jdt.ls.core.id1 -Dosgi.bundles.defaultStartLevel=4 -Declipse.product=org.eclipse.jdt.ls.core.product -Djava.import.generatesMetadataFilesAtProjectRoot=false -DDetectVMInstallationsJob.disabled=true -Dfile.encoding=utf8 -XX:+UseParallelGC -XX:GCTimeRatio=4 -XX:AdaptiveSizePolicyWeight=90 -Dsun.zip.disableMemoryMapping=true -Xmx2G -Xms100m -Xlog:disable -javaagent:c:\Users\Heiya Ganwani\.vscode\extensions\redhat.java-1.55.0-win32-x64\lombok\lombok-1.18.39-4050.jar c:\Users\Heiya Ganwani\.vscode\extensions\redhat.java-1.55.0-win32-x64\server\plugins\org.eclipse.equinox.launcher_1.7.200.v20260619-2039.jar -configuration c:\Users\Heiya Ganwani\AppData\Roaming\Code\User\globalStorage\redhat.java\1.55.0\config_ss_win -data c:\Users\Heiya Ganwani\AppData\Roaming\Code\User\workspaceStorage\1ebf7d04e2620f2610e78008e8f3f6f1\redhat.java\ss_ws --pipe=\\.\pipe\lsp-f7e2c6cac2b75c1d30e17db1f8e984cc-sock

Host: 13th Gen Intel(R) Core(TM) i5-13420H, 12 cores, 15G,  Windows 11 , 64 bit Build 26100 (10.0.26100.9168)
Time: Wed Aug 26 12:16:47 2026 India Standard Time elapsed time: 0.677651 seconds (0d 0h 0m 0s)

---------------  T H R E A D  ---------------

Current thread (0x0000020ff3e9f8b0):  JavaThread "C2 CompilerThread0" daemon [_thread_in_native, id=25668, stack(0x0000006df4a00000,0x0000006df4b00000) (1024K)]


Current CompileTask:
C2:677 1280       4       java.io.DataInputStream::readFully (59 bytes)

Stack: [0x0000006df4a00000,0x0000006df4b00000]
Native frames: (J=compiled Java code, j=interpreted, Vv=VM code, C=native code)
V  [jvm.dll+0x6d7e19]
V  [jvm.dll+0x8b5096]
V  [jvm.dll+0x8b764e]
V  [jvm.dll+0x8b7d33]
V  [jvm.dll+0x284596]
V  [jvm.dll+0xc685d]
V  [jvm.dll+0xc6da1]
V  [jvm.dll+0x2fb4ee]
V  [jvm.dll+0x5fe9a4]
V  [jvm.dll+0x255d67]
V  [jvm.dll+0x24e3bf]
V  [jvm.dll+0x24bbe6]
V  [jvm.dll+0x1cb4ae]
V  [jvm.dll+0x25baad]
V  [jvm.dll+0x25a03a]
V  [jvm.dll+0x3f868e]
V  [jvm.dll+0x85fb0d]
V  [jvm.dll+0x6d664d]
C  [ucrtbase.dll+0x2cd30]
C  [KERNEL32.DLL+0x2ccb7]
C  [ntdll.dll+0xaad6c]


---------------  P R O C E S S  ---------------

Threads class SMR info:
_java_thread_list=0x0000020ff41eb900, length=13, elements={
0x0000020fdc09df00, 0x0000020ff2b293d0, 0x0000020fdc14e840, 0x0000020ff2b2cea0,
0x0000020ff2b33680, 0x0000020ff2b3a330, 0x0000020ff2b3b050, 0x0000020ff3e9f8b0,
0x0000020ff3ea0d30, 0x0000020ff3f9ffb0, 0x0000020ff2b3c400, 0x0000020ff2b39ca0,
0x0000020ff4256d50
}

Java Threads: ( => current thread )
  0x0000020fdc09df00 JavaThread "main"                              [_thread_in_vm, id=21444, stack(0x0000006df4000000,0x0000006df4100000) (1024K)]
  0x0000020ff2b293d0 JavaThread "Reference Handler"          daemon [_thread_blocked, id=8644, stack(0x0000006df4400000,0x0000006df4500000) (1024K)]
  0x0000020fdc14e840 JavaThread "Finalizer"                  daemon [_thread_blocked, id=15544, stack(0x0000006df4500000,0x0000006df4600000) (1024K)]
  0x0000020ff2b2cea0 JavaThread "Signal Dispatcher"          daemon [_thread_blocked, id=14068, stack(0x0000006df4600000,0x0000006df4700000) (1024K)]
  0x0000020ff2b33680 JavaThread "Attach Listener"            daemon [_thread_blocked, id=25772, stack(0x0000006df4700000,0x0000006df4800000) (1024K)]
  0x0000020ff2b3a330 JavaThread "Service Thread"             daemon [_thread_blocked, id=21940, stack(0x0000006df4800000,0x0000006df4900000) (1024K)]
  0x0000020ff2b3b050 JavaThread "Monitor Deflation Thread"   daemon [_thread_blocked, id=424, stack(0x0000006df4900000,0x0000006df4a00000) (1024K)]
=>0x0000020ff3e9f8b0 JavaThread "C2 CompilerThread0"         daemon [_thread_in_native, id=25668, stack(0x0000006df4a00000,0x0000006df4b00000) (1024K)]
  0x0000020ff3ea0d30 JavaThread "C1 CompilerThread0"         daemon [_thread_blocked, id=11488, stack(0x0000006df4b00000,0x0000006df4c00000) (1024K)]
  0x0000020ff3f9ffb0 JavaThread "C2 CompilerThread1"         daemon [_thread_in_native, id=16240, stack(0x0000006df4c00000,0x0000006df4d00000) (1024K)]
  0x0000020ff2b3c400 JavaThread "Common-Cleaner"             daemon [_thread_blocked, id=592, stack(0x0000006df4d00000,0x0000006df4e00000) (1024K)]
  0x0000020ff2b39ca0 JavaThread "Notification Thread"        daemon [_thread_blocked, id=27936, stack(0x0000006df4e00000,0x0000006df4f00000) (1024K)]
  0x0000020ff4256d50 JavaThread "C2 CompilerThread2"         daemon [_thread_in_native, id=21752, stack(0x0000006df4f00000,0x0000006df5000000) (1024K)]
Total: 13

Other Threads:
  0x0000020ff2b249f0 VMThread "VM Thread"                           [id=3496, stack(0x0000006df4300000,0x0000006df4400000) (1024K)]
  0x0000020ff2a1ca00 WatcherThread "VM Periodic Task Thread"        [id=11048, stack(0x0000006df4200000,0x0000006df4300000) (1024K)]
  0x0000020fdc0b6db0 WorkerThread "GC Thread#0"                     [id=16340, stack(0x0000006df4100000,0x0000006df4200000) (1024K)]
  0x0000020ff9740140 WorkerThread "GC Thread#1"                     [id=27704, stack(0x0000006df5000000,0x0000006df5100000) (1024K)]
  0x0000020ff9787cf0 WorkerThread "GC Thread#2"                     [id=22492, stack(0x0000006df5100000,0x0000006df5200000) (1024K)]
  0x0000020ff97880a0 WorkerThread "GC Thread#3"                     [id=25124, stack(0x0000006df5200000,0x0000006df5300000) (1024K)]
  0x0000020ff9788450 WorkerThread "GC Thread#4"                     [id=9532, stack(0x0000006df5300000,0x0000006df5400000) (1024K)]
  0x0000020ff9788800 WorkerThread "GC Thread#5"                     [id=12376, stack(0x0000006df5400000,0x0000006df5500000) (1024K)]
  0x0000020ff9788bb0 WorkerThread "GC Thread#6"                     [id=26796, stack(0x0000006df5500000,0x0000006df5600000) (1024K)]
Total: 9

Threads with active compile tasks:
C2 CompilerThread0  696 1280       4       java.io.DataInputStream::readFully (59 bytes)
C2 CompilerThread1  696 1290       4       java.io.BufferedInputStream::implRead (49 bytes)
C2 CompilerThread2  696 1268       4       java.io.DataInputStream::readUTF (501 bytes)
Total: 3

VM state: not at safepoint (normal execution)

VM Mutex/Monitor currently owned by a thread: None

Heap address: 0x0000000080000000, size: 2048 MB, Compressed Oops mode: 32-bit

CDS archive(s) mapped at: [0x0000020f80000000-0x0000020f80ba0000-0x0000020f80ba0000), size 12189696, SharedBaseAddress: 0x0000020f80000000, ArchiveRelocationMode: 1.
Compressed class space mapped at: 0x0000020f81000000-0x0000020fc1000000, reserved size: 1073741824
Narrow klass base: 0x0000020f80000000, Narrow klass shift: 0, Narrow klass range: 0x100000000

GC Precious Log:
 CardTable entry size: 512
 CPUs: 12 total, 12 available
 Memory: 16016M
 Large Page Support: Disabled
 NUMA Support: Disabled
 Compressed Oops: Enabled (32-bit)
 Alignments: Space 512K, Generation 512K, Heap 2M
 Heap Min Capacity: 100M
 Heap Initial Capacity: 100M
 Heap Max Capacity: 2G
 Pre-touch: Disabled
 Parallel Workers: 10

Heap:
 PSYoungGen      total 29696K, used 11550K [0x00000000d5580000, 0x00000000d7680000, 0x0000000100000000)
  eden space 25600K, 32% used [0x00000000d5580000,0x00000000d5d99b90,0x00000000d6e80000)
  from space 4096K, 79% used [0x00000000d6e80000,0x00000000d71adea8,0x00000000d7280000)
  to   space 4096K, 0% used [0x00000000d7280000,0x00000000d7280000,0x00000000d7680000)
 ParOldGen       total 68608K, used 16K [0x0000000080000000, 0x0000000084300000, 0x00000000d5580000)
  object space 68608K, 0% used [0x0000000080000000,0x0000000080004000,0x0000000084300000)
 Metaspace       used 6016K, committed 6272K, reserved 1114112K
  class space    used 619K, committed 768K, reserved 1048576K

Card table byte_map: [0x0000020fdba50000,0x0000020fdbe60000] _byte_map_base: 0x0000020fdb650000

Marking Bits: (ParMarkBitMap*) 0x00007ffb2a834460
 Begin Bits: [0x0000020fee540000, 0x0000020ff0540000)
 End Bits:   [0x0000020ff0540000, 0x0000020ff2540000)

Polling page: 0x0000020fd9f70000

Metaspace:

Usage:
  Non-class:      5.27 MB used.
      Class:    619.98 KB used.
       Both:      5.88 MB used.

Virtual space:
  Non-class space:       64.00 MB reserved,       5.38 MB (  8%) committed,  1 nodes.
      Class space:        1.00 GB reserved,     768.00 KB ( <1%) committed,  1 nodes.
             Both:        1.06 GB reserved,       6.12 MB ( <1%) committed. 

Chunk freelists:
   Non-Class:  10.08 MB
       Class:  15.08 MB
        Both:  25.16 MB

MaxMetaspaceSize: unlimited
CompressedClassSpaceSize: 1.00 GB
Initial GC threshold: 21.00 MB
Current GC threshold: 21.00 MB
CDS: on
 - commit_granule_bytes: 65536.
 - commit_granule_words: 8192.
 - virtual_space_node_default_size: 8388608.
 - enlarge_chunks_in_place: 1.
 - use_allocation_guard: 0.


Internal statistics:

num_allocs_failed_limit: 0.
num_arena_births: 190.
num_arena_deaths: 0.
num_vsnodes_births: 2.
num_vsnodes_deaths: 0.
num_space_committed: 98.
num_space_uncommitted: 0.
num_chunks_returned_to_freelist: 0.
num_chunks_taken_from_freelist: 313.
num_chunk_merges: 0.
num_chunk_splits: 200.
num_chunks_enlarged: 125.
num_inconsistent_stats: 0.

CodeHeap 'non-profiled nmethods': size=120000Kb used=501Kb max_used=501Kb free=119498Kb
 bounds [0x0000020fe6d60000, 0x0000020fe6fd0000, 0x0000020fee290000]
CodeHeap 'profiled nmethods': size=120000Kb used=2208Kb max_used=2208Kb free=117791Kb
 bounds [0x0000020fdf290000, 0x0000020fdf500000, 0x0000020fe67c0000]
CodeHeap 'non-nmethods': size=5760Kb used=1207Kb max_used=1230Kb free=4553Kb
 bounds [0x0000020fe67c0000, 0x0000020fe6a30000, 0x0000020fe6d60000]
CodeCache: size=245760Kb, used=3916Kb, max_used=3939Kb, free=241842Kb
 total_blobs=1766, nmethods=1295, adapters=378, full_count=0
Compilation: enabled, stopped_count=0, restarted_count=0

Compilation events (20 events):
Event: 0.672 Thread 0x0000020ff3ea0d30 nmethod 1269 0x0000020fdf4a4210 code [0x0000020fdf4a4420, 0x0000020fdf4a4a30]
Event: 0.672 Thread 0x0000020ff3ea0d30 1271       3       org.eclipse.osgi.container.ModuleDatabase$Persistence::readIndexedString (18 bytes)
Event: 0.672 Thread 0x0000020ff3e9f8b0 nmethod 1276 0x0000020fe6dd7b90 code [0x0000020fe6dd7d20, 0x0000020fe6dd7e10]
Event: 0.672 Thread 0x0000020ff3e9f8b0 1277       4       java.util.concurrent.locks.ReentrantLock$Sync::tryRelease (51 bytes)
Event: 0.672 Thread 0x0000020ff3ea0d30 nmethod 1271 0x0000020fdf4a4d10 code [0x0000020fdf4a4f40, 0x0000020fdf4a5648]
Event: 0.672 Thread 0x0000020ff3ea0d30 1270       3       jdk.internal.util.ByteArray::getInt (9 bytes)
Event: 0.672 Thread 0x0000020ff3e9f8b0 nmethod 1277 0x0000020fe6dd7e90 code [0x0000020fe6dd8020, 0x0000020fe6dd8110]
Event: 0.672 Thread 0x0000020ff3e9f8b0 1280       4       java.io.DataInputStream::readFully (59 bytes)
Event: 0.672 Thread 0x0000020ff3ea0d30 nmethod 1270 0x0000020fdf4a5990 code [0x0000020fdf4a5b80, 0x0000020fdf4a60b0]
Event: 0.672 Thread 0x0000020ff3ea0d30 1273       3       java.io.DataInputStream::readByte (6 bytes)
Event: 0.673 Thread 0x0000020ff3ea0d30 nmethod 1273 0x0000020fdf4a6310 code [0x0000020fdf4a64e0, 0x0000020fdf4a67c8]
Event: 0.673 Thread 0x0000020ff3ea0d30 1282       3       org.eclipse.osgi.container.ModuleDatabase$Persistence::readString (7 bytes)
Event: 0.673 Thread 0x0000020ff3ea0d30 nmethod 1282 0x0000020fdf4a6910 code [0x0000020fdf4a6ac0, 0x0000020fdf4a6be0]
Event: 0.673 Thread 0x0000020ff3ea0d30 1284       3       org.eclipse.osgi.container.ModuleDatabase$Persistence::readMapValue (111 bytes)
Event: 0.673 Thread 0x0000020ff3f9ffb0 nmethod 1256 0x0000020fe6dd8210 code [0x0000020fe6dd83c0, 0x0000020fe6dd89a0]
Event: 0.674 Thread 0x0000020ff3f9ffb0 1283       4       java.io.BufferedInputStream::implRead (112 bytes)
Event: 0.674 Thread 0x0000020ff3ea0d30 nmethod 1284 0x0000020fdf4a6c90 code [0x0000020fdf4a7040, 0x0000020fdf4a8668]
Event: 0.674 Thread 0x0000020ff3ea0d30 1285       3       org.eclipse.osgi.container.ModuleDatabase$Persistence::readMap (118 bytes)
Event: 0.675 Thread 0x0000020ff3ea0d30 nmethod 1285 0x0000020fdf4a8d90 code [0x0000020fdf4a9140, 0x0000020fdf4aa6c8]
Event: 0.676 Thread 0x0000020ff3ea0d30 1287       3       org.eclipse.osgi.container.ModuleDatabase$Persistence::readVersion0 (96 bytes)

GC Heap History (2 events):
Event: 0.534 GC heap before
{Heap before GC invocations=1 (full 0):
 PSYoungGen      total 29696K, used 25600K [0x00000000d5580000, 0x00000000d7680000, 0x0000000100000000)
  eden space 25600K, 100% used [0x00000000d5580000,0x00000000d6e80000,0x00000000d6e80000)
  from space 4096K, 0% used [0x00000000d7280000,0x00000000d7280000,0x00000000d7680000)
  to   space 4096K, 0% used [0x00000000d6e80000,0x00000000d6e80000,0x00000000d7280000)
 ParOldGen       total 68608K, used 0K [0x0000000080000000, 0x0000000084300000, 0x00000000d5580000)
  object space 68608K, 0% used [0x0000000080000000,0x0000000080000000,0x0000000084300000)
 Metaspace       used 4325K, committed 4608K, reserved 1114112K
  class space    used 473K, committed 576K, reserved 1048576K
}
Event: 0.539 GC heap after
{Heap after GC invocations=1 (full 0):
 PSYoungGen      total 29696K, used 3255K [0x00000000d5580000, 0x00000000d7680000, 0x0000000100000000)
  eden space 25600K, 0% used [0x00000000d5580000,0x00000000d5580000,0x00000000d6e80000)
  from space 4096K, 79% used [0x00000000d6e80000,0x00000000d71adea8,0x00000000d7280000)
  to   space 4096K, 0% used [0x00000000d7280000,0x00000000d7280000,0x00000000d7680000)
 ParOldGen       total 68608K, used 16K [0x0000000080000000, 0x0000000084300000, 0x00000000d5580000)
  object space 68608K, 0% used [0x0000000080000000,0x0000000080004000,0x0000000084300000)
 Metaspace       used 4325K, committed 4608K, reserved 1114112K
  class space    used 473K, committed 576K, reserved 1048576K
}

Dll operation events (8 events):
Event: 0.011 Loaded shared library c:\Users\Heiya Ganwani\.vscode\extensions\redhat.java-1.55.0-win32-x64\jre\21.0.11-win32-x86_64\bin\java.dll
Event: 0.064 Loaded shared library c:\Users\Heiya Ganwani\.vscode\extensions\redhat.java-1.55.0-win32-x64\jre\21.0.11-win32-x86_64\bin\zip.dll
Event: 0.080 Loaded shared library C:\Users\Heiya Ganwani\.vscode\extensions\redhat.java-1.55.0-win32-x64\jre\21.0.11-win32-x86_64\bin\instrument.dll
Event: 0.085 Loaded shared library C:\Users\Heiya Ganwani\.vscode\extensions\redhat.java-1.55.0-win32-x64\jre\21.0.11-win32-x86_64\bin\net.dll
Event: 0.088 Loaded shared library C:\Users\Heiya Ganwani\.vscode\extensions\redhat.java-1.55.0-win32-x64\jre\21.0.11-win32-x86_64\bin\nio.dll
Event: 0.092 Loaded shared library C:\Users\Heiya Ganwani\.vscode\extensions\redhat.java-1.55.0-win32-x64\jre\21.0.11-win32-x86_64\bin\zip.dll
Event: 0.106 Loaded shared library C:\Users\Heiya Ganwani\.vscode\extensions\redhat.java-1.55.0-win32-x64\jre\21.0.11-win32-x86_64\bin\jimage.dll
Event: 0.171 Loaded shared library c:\Users\Heiya Ganwani\.vscode\extensions\redhat.java-1.55.0-win32-x64\jre\21.0.11-win32-x86_64\bin\verify.dll

Deoptimization events (20 events):
Event: 0.578 Thread 0x0000020fdc09df00 Uncommon trap: trap_request=0xffffff45 fr.pc=0x0000020fe6dc163c relative=0x000000000000027c
Event: 0.578 Thread 0x0000020fdc09df00 Uncommon trap: reason=unstable_if action=reinterpret pc=0x0000020fe6dc163c method=java.util.HashMap.hash(Ljava/lang/Object;)I @ 1 c2
Event: 0.578 Thread 0x0000020fdc09df00 DEOPT PACKING pc=0x0000020fe6dc163c sp=0x0000006df40fea40
Event: 0.578 Thread 0x0000020fdc09df00 DEOPT UNPACKING pc=0x0000020fe6813aa2 sp=0x0000006df40fe8d8 mode 2
Event: 0.579 Thread 0x0000020fdc09df00 Uncommon trap: trap_request=0xffffff45 fr.pc=0x0000020fe6dc42b8 relative=0x0000000000000278
Event: 0.579 Thread 0x0000020fdc09df00 Uncommon trap: reason=unstable_if action=reinterpret pc=0x0000020fe6dc42b8 method=java.util.HashMap.hash(Ljava/lang/Object;)I @ 1 c2
Event: 0.579 Thread 0x0000020fdc09df00 DEOPT PACKING pc=0x0000020fe6dc42b8 sp=0x0000006df40fe9b0
Event: 0.579 Thread 0x0000020fdc09df00 DEOPT UNPACKING pc=0x0000020fe6813aa2 sp=0x0000006df40fe8b8 mode 2
Event: 0.579 Thread 0x0000020fdc09df00 Uncommon trap: trap_request=0xffffff45 fr.pc=0x0000020fe6dbdad0 relative=0x00000000000000b0
Event: 0.579 Thread 0x0000020fdc09df00 Uncommon trap: reason=unstable_if action=reinterpret pc=0x0000020fe6dbdad0 method=java.util.HashMap.hash(Ljava/lang/Object;)I @ 1 c2
Event: 0.579 Thread 0x0000020fdc09df00 DEOPT PACKING pc=0x0000020fe6dbdad0 sp=0x0000006df40fea60
Event: 0.579 Thread 0x0000020fdc09df00 DEOPT UNPACKING pc=0x0000020fe6813aa2 sp=0x0000006df40fe9f8 mode 2
Event: 0.579 Thread 0x0000020fdc09df00 Uncommon trap: trap_request=0xffffffde fr.pc=0x0000020fe6da4910 relative=0x0000000000000570
Event: 0.579 Thread 0x0000020fdc09df00 Uncommon trap: reason=class_check action=maybe_recompile pc=0x0000020fe6da4910 method=java.util.Collections$UnmodifiableCollection$1.<init>(Ljava/util/Collections$UnmodifiableCollection;)V @ 17 c2
Event: 0.579 Thread 0x0000020fdc09df00 DEOPT PACKING pc=0x0000020fe6da4910 sp=0x0000006df40fea90
Event: 0.579 Thread 0x0000020fdc09df00 DEOPT UNPACKING pc=0x0000020fe6813aa2 sp=0x0000006df40fe9d8 mode 2
Event: 0.625 Thread 0x0000020fdc09df00 Uncommon trap: trap_request=0xffffff45 fr.pc=0x0000020fe6da9a78 relative=0x0000000000000198
Event: 0.625 Thread 0x0000020fdc09df00 Uncommon trap: reason=unstable_if action=reinterpret pc=0x0000020fe6da9a78 method=java.lang.invoke.VarHandle.checkAccessModeThenIsDirect(Ljava/lang/invoke/VarHandle$AccessDescriptor;)Z @ 4 c2
Event: 0.625 Thread 0x0000020fdc09df00 DEOPT PACKING pc=0x0000020fe6da9a78 sp=0x0000006df40fea40
Event: 0.625 Thread 0x0000020fdc09df00 DEOPT UNPACKING pc=0x0000020fe6813aa2 sp=0x0000006df40fe998 mode 2

Classes loaded (20 events):
Event: 0.654 Loading class java/util/AbstractQueue done
Event: 0.654 Loading class java/util/concurrent/SynchronousQueue done
Event: 0.654 Loading class java/util/concurrent/SynchronousQueue$Transferer
Event: 0.654 Loading class java/util/concurrent/LinkedTransferQueue
Event: 0.654 Loading class java/util/concurrent/TransferQueue
Event: 0.654 Loading class java/util/concurrent/TransferQueue done
Event: 0.654 Loading class java/util/concurrent/LinkedTransferQueue done
Event: 0.654 Loading class java/util/concurrent/SynchronousQueue$Transferer done
Event: 0.654 Loading class java/util/concurrent/LinkedTransferQueue$DualNode
Event: 0.655 Loading class java/util/concurrent/LinkedTransferQueue$DualNode done
Event: 0.655 Loading class java/util/concurrent/RejectedExecutionHandler
Event: 0.655 Loading class java/util/concurrent/RejectedExecutionHandler done
Event: 0.655 Loading class java/util/concurrent/LinkedBlockingQueue
Event: 0.656 Loading class java/util/concurrent/LinkedBlockingQueue done
Event: 0.656 Loading class java/util/concurrent/LinkedBlockingQueue$Node
Event: 0.656 Loading class java/util/concurrent/LinkedBlockingQueue$Node done
Event: 0.663 Loading class java/util/concurrent/Semaphore$NonfairSync
Event: 0.663 Loading class java/util/concurrent/Semaphore$Sync
Event: 0.664 Loading class java/util/concurrent/Semaphore$Sync done
Event: 0.664 Loading class java/util/concurrent/Semaphore$NonfairSync done

Classes unloaded (0 events):
No events

Classes redefined (0 events):
No events

Internal exceptions (20 events):
Event: 0.394 Thread 0x0000020fdc09df00 Exception <a 'java/io/FileNotFoundException'{0x00000000d64ea298}> (0x00000000d64ea298) 
thrown [s\src\hotspot\share\prims\jni.cpp, line 520]
Event: 0.394 Thread 0x0000020fdc09df00 Exception <a 'java/io/FileNotFoundException'{0x00000000d64eae18}> (0x00000000d64eae18) 
thrown [s\src\hotspot\share\prims\jni.cpp, line 520]
Event: 0.396 Thread 0x0000020fdc09df00 Implicit null exception at 0x0000020fe6d92524 to 0x0000020fe6d92ac8
Event: 0.397 Thread 0x0000020fdc09df00 Implicit null exception at 0x0000020fe6d931a0 to 0x0000020fe6d93734
Event: 0.399 Thread 0x0000020fdc09df00 Exception <a 'java/io/FileNotFoundException'{0x00000000d6525000}> (0x00000000d6525000) 
thrown [s\src\hotspot\share\prims\jni.cpp, line 520]
Event: 0.406 Thread 0x0000020fdc09df00 Exception <a 'java/lang/NoSuchMethodError'{0x00000000d65614a0}: 'java.lang.Object java.lang.invoke.DirectMethodHandle$Holder.invokeInterface(java.lang.Object, java.lang.Object)'> (0x00000000d65614a0) 
thrown [s\src\hotspot\share\interpreter\linkResolver.cpp, line 773]
Event: 0.410 Thread 0x0000020fdc09df00 Exception <a 'java/lang/NoSuchMethodError'{0x00000000d6575008}: 'java.lang.Object java.lang.invoke.Invokers$Holder.invokeExact_MT(java.lang.Object, java.lang.Object, java.lang.Object, java.lang.Object, java.lang.Object, java.lang.Object)'> (0x00000000d6575008) 
thrown [s\src\hotspot\share\interpreter\linkResolver.cpp, line 773]
Event: 0.414 Thread 0x0000020fdc09df00 Exception <a 'java/lang/NoSuchMethodError'{0x00000000d658c0e0}: 'int java.lang.invoke.DirectMethodHandle$Holder.invokeStatic(java.lang.Object, java.lang.Object, java.lang.Object, java.lang.Object, java.lang.Object)'> (0x00000000d658c0e0) 
thrown [s\src\hotspot\share\interpreter\linkResolver.cpp, line 773]
Event: 0.430 Thread 0x0000020fdc09df00 Exception <a 'java/lang/NoSuchMethodError'{0x00000000d6621e00}: 'java.lang.Object java.lang.invoke.DirectMethodHandle$Holder.invokeInterface(java.lang.Object, java.lang.Object, int)'> (0x00000000d6621e00) 
thrown [s\src\hotspot\share\interpreter\linkResolver.cpp, line 773]
Event: 0.502 Thread 0x0000020fdc09df00 Exception <a 'java/lang/NoSuchMethodError'{0x00000000d6a8f8a8}: 'java.lang.ClassLoader java.lang.ClassLoader.getPlatformClassLoader(java.lang.Class)'> (0x00000000d6a8f8a8) 
thrown [s\src\hotspot\share\interpreter\linkResolver.cpp, line 773]
Event: 0.544 Thread 0x0000020fdc09df00 Exception <a 'java/lang/ClassNotFoundException'{0x00000000d55a8cf8}: sun/net/www/protocol/c/Handler> (0x00000000d55a8cf8) 
thrown [s\src\hotspot\share\classfile\systemDictionary.cpp, line 313]
Event: 0.544 Thread 0x0000020fdc09df00 Exception <a 'java/lang/ClassNotFoundException'{0x00000000d55aa0d8}: sun/net/www/protocol/c/Handler> (0x00000000d55aa0d8) 
thrown [s\src\hotspot\share\classfile\systemDictionary.cpp, line 313]
Event: 0.544 Thread 0x0000020fdc09df00 Exception <a 'java/lang/ClassNotFoundException'{0x00000000d55ab308}: sun/net/www/protocol/c/Handler> (0x00000000d55ab308) 
thrown [s\src\hotspot\share\classfile\systemDictionary.cpp, line 313]
Event: 0.550 Thread 0x0000020fdc09df00 Exception <a 'java/io/FileNotFoundException'{0x00000000d55d3dc8}> (0x00000000d55d3dc8) 
thrown [s\src\hotspot\share\prims\jni.cpp, line 520]
Event: 0.578 Thread 0x0000020fdc09df00 Implicit null exception at 0x0000020fe6dbbd29 to 0x0000020fe6dbc59c
Event: 0.578 Thread 0x0000020fdc09df00 Implicit null exception at 0x0000020fe6dc141a to 0x0000020fe6dc1624
Event: 0.578 Thread 0x0000020fdc09df00 Exception <a 'java/lang/NoSuchMethodError'{0x00000000d5746b48}: 'void java.lang.invoke.DirectMethodHandle$Holder.invokeStatic(java.lang.Object, java.lang.Object, java.lang.Object, java.lang.Object)'> (0x00000000d5746b48) 
thrown [s\src\hotspot\share\interpreter\linkResolver.cpp, line 773]
Event: 0.579 Thread 0x0000020fdc09df00 Implicit null exception at 0x0000020fe6dc409a to 0x0000020fe6dc42a0
Event: 0.579 Thread 0x0000020fdc09df00 Implicit null exception at 0x0000020fe6dbda3d to 0x0000020fe6dbdac1
Event: 0.637 Thread 0x0000020fdc09df00 Exception <a 'java/lang/NoSuchMethodError'{0x00000000d59c74d8}: 'void java.lang.invoke.DirectMethodHandle$Holder.invokeSpecial(java.lang.Object, java.lang.Object, java.lang.Object)'> (0x00000000d59c74d8) 
thrown [s\src\hotspot\share\interpreter\linkResolver.cpp, line 773]

ZGC Phase Switch (0 events):
No events

VM Operations (12 events):
Event: 0.064 Executing non-safepoint VM operation: HandshakeAllThreads (Deoptimize)
Event: 0.064 Executing non-safepoint VM operation: HandshakeAllThreads (Deoptimize) done
Event: 0.118 Executing non-safepoint VM operation: HandshakeAllThreads (Deoptimize)
Event: 0.118 Executing non-safepoint VM operation: HandshakeAllThreads (Deoptimize) done
Event: 0.364 Executing non-safepoint VM operation: HandshakeAllThreads (Deoptimize)
Event: 0.364 Executing non-safepoint VM operation: HandshakeAllThreads (Deoptimize) done
Event: 0.373 Executing non-safepoint VM operation: HandshakeAllThreads (Deoptimize)
Event: 0.373 Executing non-safepoint VM operation: HandshakeAllThreads (Deoptimize) done
Event: 0.516 Executing safepoint VM operation: ICBufferFull
Event: 0.516 Executing safepoint VM operation: ICBufferFull done
Event: 0.534 Executing safepoint VM operation: ParallelGCFailedAllocation (Allocation Failure)
Event: 0.539 Executing safepoint VM operation: ParallelGCFailedAllocation (Allocation Failure) done

Memory protections (0 events):
No events

Nmethod flushes (0 events):
No events

Events (13 events):
Event: 0.022 Thread 0x0000020fdc09df00 Thread added: 0x0000020fdc09df00
Event: 0.040 Thread 0x0000020fdc09df00 Thread added: 0x0000020ff2b293d0
Event: 0.040 Thread 0x0000020fdc09df00 Thread added: 0x0000020fdc14e840
Event: 0.041 Thread 0x0000020fdc09df00 Thread added: 0x0000020ff2b2cea0
Event: 0.041 Thread 0x0000020fdc09df00 Thread added: 0x0000020ff2b33680
Event: 0.041 Thread 0x0000020fdc09df00 Thread added: 0x0000020ff2b3a330
Event: 0.041 Thread 0x0000020fdc09df00 Thread added: 0x0000020ff2b3b050
Event: 0.041 Thread 0x0000020fdc09df00 Thread added: 0x0000020ff3e9f8b0
Event: 0.041 Thread 0x0000020fdc09df00 Thread added: 0x0000020ff3ea0d30
Event: 0.069 Thread 0x0000020ff3ea0d30 Thread added: 0x0000020ff3f9ffb0
Event: 0.082 Thread 0x0000020fdc09df00 Thread added: 0x0000020ff2b3c400
Event: 0.257 Thread 0x0000020fdc09df00 Thread added: 0x0000020ff2b39ca0
Event: 0.324 Thread 0x0000020ff3e9f8b0 Thread added: 0x0000020ff4256d50


Dynamic libraries:
0x00007ff7d0a60000 - 0x00007ff7d0a6e000 	c:\Users\Heiya Ganwani\.vscode\extensions\redhat.java-1.55.0-win32-x64\jre\21.0.11-win32-x86_64\bin\java.exe
0x00007ffbdd840000 - 0x00007ffbddaa6000 	C:\Windows\SYSTEM32\ntdll.dll
0x00007ffbdbe20000 - 0x00007ffbdbee9000 	C:\Windows\System32\KERNEL32.DLL
0x00007ffbdaa50000 - 0x00007ffbdae4f000 	C:\Windows\System32\KERNELBASE.dll
0x00007ffbd4870000 - 0x00007ffbd490f000 	C:\Windows\SYSTEM32\apphelp.dll
0x00007ffbdb120000 - 0x00007ffbdb26c000 	C:\Windows\System32\ucrtbase.dll
0x00007ffbae5c0000 - 0x00007ffbae5d8000 	c:\Users\Heiya Ganwani\.vscode\extensions\redhat.java-1.55.0-win32-x64\jre\21.0.11-win32-x86_64\bin\jli.dll
0x00007ffbaeff0000 - 0x00007ffbaf00e000 	c:\Users\Heiya Ganwani\.vscode\extensions\redhat.java-1.55.0-win32-x64\jre\21.0.11-win32-x86_64\bin\VCRUNTIME140.dll
0x00007ffbdcbd0000 - 0x00007ffbdcd96000 	C:\Windows\System32\USER32.dll
0x00007ffbbea30000 - 0x00007ffbbecc1000 	C:\Windows\WinSxS\amd64_microsoft.windows.common-controls_6595b64144ccf1df_6.0.26100.8972_none_3e0da176e32f9d4b\COMCTL32.dll
0x00007ffbdb3f0000 - 0x00007ffbdb417000 	C:\Windows\System32\win32u.dll
0x00007ffbdce00000 - 0x00007ffbdce2b000 	C:\Windows\System32\GDI32.dll
0x00007ffbdcab0000 - 0x00007ffbdcb59000 	C:\Windows\System32\msvcrt.dll
0x00007ffbdaff0000 - 0x00007ffbdb119000 	C:\Windows\System32\gdi32full.dll
0x00007ffbdb340000 - 0x00007ffbdb3e3000 	C:\Windows\System32\msvcp_win.dll
0x00007ffbdcb90000 - 0x00007ffbdcbc2000 	C:\Windows\System32\IMM32.DLL
0x00007ffbd13a0000 - 0x00007ffbd13ac000 	c:\Users\Heiya Ganwani\.vscode\extensions\redhat.java-1.55.0-win32-x64\jre\21.0.11-win32-x86_64\bin\vcruntime140_1.dll
0x00007ffba63e0000 - 0x00007ffba646d000 	c:\Users\Heiya Ganwani\.vscode\extensions\redhat.java-1.55.0-win32-x64\jre\21.0.11-win32-x86_64\bin\msvcp140.dll
0x00007ffb29b70000 - 0x00007ffb2a912000 	c:\Users\Heiya Ganwani\.vscode\extensions\redhat.java-1.55.0-win32-x64\jre\21.0.11-win32-x86_64\bin\server\jvm.dll
0x00007ffbdbf00000 - 0x00007ffbdbfbc000 	C:\Windows\System32\ADVAPI32.dll
0x00007ffbdc8a0000 - 0x00007ffbdc94a000 	C:\Windows\System32\sechost.dll
0x00007ffbdb570000 - 0x00007ffbdb688000 	C:\Windows\System32\RPCRT4.dll
0x00007ffbdc200000 - 0x00007ffbdc282000 	C:\Windows\System32\WS2_32.dll
0x00007ffbce2f0000 - 0x00007ffbce326000 	C:\Windows\SYSTEM32\WINMM.dll
0x00007ffbda8d0000 - 0x00007ffbda92e000 	C:\Windows\SYSTEM32\POWRPROF.dll
0x00007ffbc86f0000 - 0x00007ffbc86fb000 	C:\Windows\SYSTEM32\VERSION.dll
0x00007ffbda8b0000 - 0x00007ffbda8c5000 	C:\Windows\SYSTEM32\UMPDC.dll
0x00007ffbd9720000 - 0x00007ffbd973b000 	C:\Windows\SYSTEM32\kernel.appcore.dll
0x00007ffbd1310000 - 0x00007ffbd131a000 	c:\Users\Heiya Ganwani\.vscode\extensions\redhat.java-1.55.0-win32-x64\jre\21.0.11-win32-x86_64\bin\jimage.dll
0x00007ffbd8150000 - 0x00007ffbd8392000 	C:\Windows\SYSTEM32\DBGHELP.DLL
0x00007ffbdc290000 - 0x00007ffbdc615000 	C:\Windows\System32\combase.dll
0x00007ffbdc950000 - 0x00007ffbdca29000 	C:\Windows\System32\OLEAUT32.dll
0x00007ffbb9920000 - 0x00007ffbb995b000 	C:\Windows\SYSTEM32\dbgcore.DLL
0x00007ffbdb280000 - 0x00007ffbdb32c000 	C:\Windows\System32\bcryptPrimitives.dll
0x00007ffbc4f00000 - 0x00007ffbc4f0f000 	c:\Users\Heiya Ganwani\.vscode\extensions\redhat.java-1.55.0-win32-x64\jre\21.0.11-win32-x86_64\bin\instrument.dll
0x00007ffbae5a0000 - 0x00007ffbae5c0000 	c:\Users\Heiya Ganwani\.vscode\extensions\redhat.java-1.55.0-win32-x64\jre\21.0.11-win32-x86_64\bin\java.dll
0x00007ffbdb690000 - 0x00007ffbdbe18000 	C:\Windows\System32\SHELL32.dll
0x00007ffbd83a0000 - 0x00007ffbd8c3b000 	C:\Windows\SYSTEM32\windows.storage.dll
0x00007ffbdd090000 - 0x00007ffbdd189000 	C:\Windows\System32\SHCORE.dll
0x00007ffbdd010000 - 0x00007ffbdd076000 	C:\Windows\System32\shlwapi.dll
0x00007ffbda970000 - 0x00007ffbda999000 	C:\Windows\SYSTEM32\profapi.dll
0x00007ffbadc80000 - 0x00007ffbadc98000 	c:\Users\Heiya Ganwani\.vscode\extensions\redhat.java-1.55.0-win32-x64\jre\21.0.11-win32-x86_64\bin\zip.dll
0x00007ffbc0630000 - 0x00007ffbc0640000 	C:\Users\Heiya Ganwani\.vscode\extensions\redhat.java-1.55.0-win32-x64\jre\21.0.11-win32-x86_64\bin\net.dll
0x00007ffbd1bd0000 - 0x00007ffbd1cf8000 	C:\Windows\SYSTEM32\WINHTTP.dll
0x00007ffbd9cf0000 - 0x00007ffbd9d5c000 	C:\Windows\system32\mswsock.dll
0x00007ffbae580000 - 0x00007ffbae596000 	C:\Users\Heiya Ganwani\.vscode\extensions\redhat.java-1.55.0-win32-x64\jre\21.0.11-win32-x86_64\bin\nio.dll
0x00007ffbb2a90000 - 0x00007ffbb2aa0000 	c:\Users\Heiya Ganwani\.vscode\extensions\redhat.java-1.55.0-win32-x64\jre\21.0.11-win32-x86_64\bin\verify.dll

JVMTI agents:
c:\Users\Heiya Ganwani\.vscode\extensions\redhat.java-1.55.0-win32-x64\lombok\lombok-1.18.39-4050.jar path:c:\Users\Heiya Ganwani\.vscode\extensions\redhat.java-1.55.0-win32-x64\jre\21.0.11-win32-x86_64\bin\instrument.dll, loaded, initialized, instrumentlib options:none

dbghelp: loaded successfully - version: 4.0.5 - missing functions: none
symbol engine: initialized successfully - sym options: 0x614 - pdb path: .;c:\Users\Heiya Ganwani\.vscode\extensions\redhat.java-1.55.0-win32-x64\jre\21.0.11-win32-x86_64\bin;C:\Windows\SYSTEM32;C:\Windows\WinSxS\amd64_microsoft.windows.common-controls_6595b64144ccf1df_6.0.26100.8972_none_3e0da176e32f9d4b;c:\Users\Heiya Ganwani\.vscode\extensions\redhat.java-1.55.0-win32-x64\jre\21.0.11-win32-x86_64\bin\server

VM Arguments:
jvm_args: --add-modules=ALL-SYSTEM --add-opens=java.base/java.util=ALL-UNNAMED --add-opens=java.base/java.lang=ALL-UNNAMED --add-opens=java.base/sun.nio.fs=ALL-UNNAMED -Declipse.application=org.eclipse.jdt.ls.core.id1 -Dosgi.bundles.defaultStartLevel=4 -Declipse.product=org.eclipse.jdt.ls.core.product -Djava.import.generatesMetadataFilesAtProjectRoot=false -DDetectVMInstallationsJob.disabled=true -Dfile.encoding=utf8 -XX:+UseParallelGC -XX:GCTimeRatio=4 -XX:AdaptiveSizePolicyWeight=90 -Dsun.zip.disableMemoryMapping=true -Xmx2G -Xms100m -Xlog:disable -javaagent:c:\Users\Heiya Ganwani\.vscode\extensions\redhat.java-1.55.0-win32-x64\lombok\lombok-1.18.39-4050.jar 
java_command: c:\Users\Heiya Ganwani\.vscode\extensions\redhat.java-1.55.0-win32-x64\server\plugins\org.eclipse.equinox.launcher_1.7.200.v20260619-2039.jar -configuration c:\Users\Heiya Ganwani\AppData\Roaming\Code\User\globalStorage\redhat.java\1.55.0\config_ss_win -data c:\Users\Heiya Ganwani\AppData\Roaming\Code\User\workspaceStorage\1ebf7d04e2620f2610e78008e8f3f6f1\redhat.java\ss_ws --pipe=\\.\pipe\lsp-f7e2c6cac2b75c1d30e17db1f8e984cc-sock
java_class_path (initial): c:\Users\Heiya Ganwani\.vscode\extensions\redhat.java-1.55.0-win32-x64\server\plugins\org.eclipse.equinox.launcher_1.7.200.v20260619-2039.jar
Launcher Type: SUN_STANDARD

[Global flags]
    uintx AdaptiveSizePolicyWeight                 = 90                                        {product} {command line}
     intx CICompilerCount                          = 4                                         {product} {ergonomic}
    uintx GCTimeRatio                              = 4                                         {product} {command line}
   size_t InitialHeapSize                          = 104857600                                 {product} {command line}
   size_t MaxHeapSize                              = 2147483648                                {product} {command line}
   size_t MaxNewSize                               = 715653120                                 {product} {ergonomic}
   size_t MinHeapDeltaBytes                        = 524288                                    {product} {ergonomic}
   size_t MinHeapSize                              = 104857600                                 {product} {command line}
   size_t NewSize                                  = 34603008                                  {product} {ergonomic}
    uintx NonNMethodCodeHeapSize                   = 5839372                                {pd product} {ergonomic}
    uintx NonProfiledCodeHeapSize                  = 122909434                              {pd product} {ergonomic}
   size_t OldSize                                  = 70254592                                  {product} {ergonomic}
    uintx ProfiledCodeHeapSize                     = 122909434                              {pd product} {ergonomic}
    uintx ReservedCodeCacheSize                    = 251658240                              {pd product} {ergonomic}
     bool SegmentedCodeCache                       = true                                      {product} {ergonomic}
   size_t SoftMaxHeapSize                          = 2147483648                             {manageable} {ergonomic}
     bool UseCompressedOops                        = true                           {product lp64_product} {ergonomic}
     bool UseLargePagesIndividualAllocation        = false                                  {pd product} {ergonomic}
     bool UseParallelGC                            = true                                      {product} {command line}

Logging:
Log output configuration:
 #0: stdout all=off uptime,level,tags foldmultilines=false
 #1: stderr all=off uptime,level,tags foldmultilines=false

Release file:
JAVA_VERSION="21.0.11" 
MODULES="java.base java.compiler java.datatransfer java.xml java.prefs java.desktop java.instrument java.logging java.management java.security.sasl java.naming java.rmi java.management.rmi java.net.http java.scripting java.security.jgss java.transaction.xa java.sql java.sql.rowset java.xml.crypto java.se java.smartcardio jdk.accessibility jdk.internal.jvmstat jdk.attach jdk.charsets jdk.internal.opt jdk.zipfs jdk.compiler jdk.crypto.ec jdk.crypto.cryptoki jdk.crypto.mscapi jdk.dynalink jdk.internal.ed jdk.editpad jdk.hotspot.agent jdk.httpserver jdk.internal.le jdk.internal.vm.ci jdk.internal.vm.compiler jdk.internal.vm.compiler.management jdk.jartool jdk.javadoc jdk.jcmd jdk.management jdk.management.agent jdk.jconsole jdk.jdeps jdk.jdwp.agent jdk.jdi jdk.jfr jdk.jshell jdk.jsobject jdk.jstatd jdk.localedata jdk.management.jfr jdk.naming.dns jdk.naming.rmi jdk.net jdk.nio.mapmode jdk.random jdk.sctp jdk.security.auth jdk.security.jgss jdk.unsupported jdk.unsupported.desktop jdk.xml.dom" 

Environment Variables:
JAVA_HOME=C:\Program Files\Java\jdk-25.0.1
PATH=C:\Python314\Scripts\;C:\Python314\;C:\Program Files\Common Files\Oracle\Java\javapath;C:\Windows\system32;C:\Windows;C:\Windows\System32\Wbem;C:\Windows\System32\WindowsPowerShell\v1.0\;C:\Windows\System32\OpenSSH\;C:\Program Files\Java\jdk-25\bin;C:\Program Files\Git\cmd;C:\Program Files\Java\jdk-25.0.1\bin;C:\Program Files\apache-maven-3.9.11\bin;C:\Program Files\PostgreSQL\18\bin;C:\Program Files\MySQL\MySQL Server 8.0\bin;C:\Program Files\MySQL\MySQL Server 8.0\bin;C:\Users\Heiya Ganwani\Downloads\apache-maven-3.9.12-bin\apache-maven-3.9.12\bin;C:\Program Files\nodejs\;C:\ProgramData\chocolatey\bin;C:\Users\Heiya Ganwani\AppData\Local\Programs\Python\Launcher\;C:\Program Files\MySQL\MySQL Shell 8.0\bin\;C:\Users\Heiya Ganwani\AppData\Local\Microsoft\WindowsApps;C:\Users\Heiya Ganwani\AppData\Local\Programs\Microsoft VS Code\bin;C:\Users\Heiya Ganwani\AppData\Local\GitHubDesktop\bin;C:\Program Files\JetBrains\IntelliJ IDEA 2025.3.1\bin;C:\Users\Heiya Ganwani\AppData\Local\Programs\Python\Python313;C:\Users\Heiya Ganwani\AppData\Roaming\npm
USERNAME=Heiya Ganwani
OS=Windows_NT
PROCESSOR_IDENTIFIER=Intel64 Family 6 Model 186 Stepping 2, GenuineIntel
TMP=C:\Users\HEIYAG~1\AppData\Local\Temp
TEMP=C:\Users\HEIYAG~1\AppData\Local\Temp




Periodic native trim disabled

---------------  S Y S T E M  ---------------

OS:
 Windows 11 , 64 bit Build 26100 (10.0.26100.9168)
OS uptime: 12 days 18:18 hours
Hyper-V role detected

CPU: total 12 (initial active 12) (6 cores per cpu, 2 threads per core) family 6 model 186 stepping 2 microcode 0x4124, cx8, cmov, fxsr, ht, mmx, 3dnowpref, sse, sse2, sse3, ssse3, sse4.1, sse4.2, popcnt, lzcnt, tsc, tscinvbit, avx, avx2, aes, erms, clmul, bmi1, bmi2, adx, sha, fma, vzeroupper, clflush, clflushopt, clwb, hv, serialize, rdtscp, rdpid, fsrm, f16c, cet_ibt, cet_ss
Processor Information for processor 0
  Max Mhz: 2100, Current Mhz: 2100, Mhz Limit: 2100
Processor Information for processor 1
  Max Mhz: 2100, Current Mhz: 2100, Mhz Limit: 2100
Processor Information for processor 2
  Max Mhz: 2100, Current Mhz: 2100, Mhz Limit: 2100
Processor Information for processor 3
  Max Mhz: 2100, Current Mhz: 2100, Mhz Limit: 2100
Processor Information for processor 4
  Max Mhz: 2100, Current Mhz: 2100, Mhz Limit: 2100
Processor Information for processor 5
  Max Mhz: 2100, Current Mhz: 2100, Mhz Limit: 2100
Processor Information for processor 6
  Max Mhz: 2100, Current Mhz: 2100, Mhz Limit: 2100
Processor Information for processor 7
  Max Mhz: 2100, Current Mhz: 2100, Mhz Limit: 2100
Processor Information for processor 8
  Max Mhz: 2100, Current Mhz: 1500, Mhz Limit: 1491
Processor Information for processor 9
  Max Mhz: 2100, Current Mhz: 1500, Mhz Limit: 1491
Processor Information for processor 10
  Max Mhz: 2100, Current Mhz: 1500, Mhz Limit: 1491
Processor Information for processor 11
  Max Mhz: 2100, Current Mhz: 1500, Mhz Limit: 1491

Memory: 4k page, system-wide physical 16016M (2164M free)
TotalPageFile size 18602M (AvailPageFile size 5M)
current process WorkingSet (physical memory assigned to process): 91M, peak: 91M
current process commit charge ("private bytes"): 247M, peak: 247M

vm_info: OpenJDK 64-Bit Server VM (21.0.11+10-LTS) for windows-amd64 JRE (21.0.11+10-LTS), built on 2026-04-21T00:00:00Z by "admin" with MS VC++ 17.12 (VS2022)

END.
